src/app/api/admin/adjust-balance/route.ts(39,38): error TS2339: Property 'role' does not exist on type 'never'.
src/app/api/admin/adjust-balance/route.ts(39,71): error TS2339: Property 'role' does not exist on type 'never'.
src/app/api/admin/adjust-balance/route.ts(39,109): error TS2339: Property 'role' does not exist on type 'never'.
src/app/api/admin/approve-adjustment/route.ts(57,88): error TS2339: Property 'role' does not exist on type 'never'.
src/app/api/admin/approve-adjustment/route.ts(58,95): error TS2339: Property 'role' does not exist on type 'never'.
src/app/api/admin/approve-adjustment/route.ts(152,22): error TS18047: 'tx.description' is possibly 'null'.
src/app/api/admin/create-member/route.ts(22,22): error TS2339: Property 'role' does not exist on type 'never'.
src/app/api/admin/update-member/route.ts(22,22): error TS2339: Property 'role' does not exist on type 'never'.
src/app/api/admin/update-member/route.ts(55,13): error TS2345: Argument of type 'Record<string, string | undefined>' is not assignable to parameter of type 'RejectExcessProperties<{ avatar_url?: string | null | undefined; created_at?: string | null | undefined; email?: string | null | undefined; full_name?: string | null | undefined; id?: string | undefined; kyc_status?: string | undefined; phone?: string | ... 1 more ... | undefined; role?: string | undefined; }, Recor...'.
  Type 'Record<string, string | undefined>' is not assignable to type '{ [x: string]: never; }'.
    'string' index signatures are incompatible.
      Type 'string | undefined' is not assignable to type 'never'.
        Type 'undefined' is not assignable to type 'never'.
src/app/api/admin/update-transaction/route.ts(24,86): error TS2339: Property 'role' does not exist on type 'never'.
src/app/dashboard/accounts/page.tsx(69,53): error TS2339: Property 'account_type' does not exist on type 'never'.
src/app/dashboard/accounts/page.tsx(69,87): error TS2339: Property 'balance' does not exist on type 'never'.
src/app/dashboard/accounts/page.tsx(124,31): error TS2339: Property 'id' does not exist on type 'never'.
src/app/dashboard/accounts/page.tsx(127,25): error TS2339: Property 'account_type' does not exist on type 'never'.
src/app/dashboard/accounts/page.tsx(128,25): error TS2339: Property 'account_type' does not exist on type 'never'.
src/app/dashboard/accounts/page.tsx(132,108): error TS2339: Property 'account_type' does not exist on type 'never'.
src/app/dashboard/accounts/page.tsx(133,95): error TS2339: Property 'account_name' does not exist on type 'never'.
src/app/dashboard/accounts/page.tsx(136,30): error TS2339: Property 'account_type' does not exist on type 'never'.
src/app/dashboard/accounts/page.tsx(140,104): error TS2339: Property 'balance' does not exist on type 'never'.
src/app/dashboard/accounts/page.tsx(140,121): error TS2339: Property 'currency' does not exist on type 'never'.
src/app/dashboard/accounts/page.tsx(141,136): error TS2339: Property 'available_balance' does not exist on type 'never'.
src/app/dashboard/accounts/page.tsx(141,163): error TS2339: Property 'currency' does not exist on type 'never'.
src/app/dashboard/accounts/page.tsx(149,28): error TS2339: Property 'account_number' does not exist on type 'never'.
src/app/dashboard/accounts/page.tsx(180,28): error TS2339: Property 'id' does not exist on type 'never'.
src/app/dashboard/accounts/page.tsx(183,22): error TS2339: Property 'transaction_type' does not exist on type 'never'.
src/app/dashboard/accounts/page.tsx(185,39): error TS2339: Property 'category' does not exist on type 'never'.
src/app/dashboard/accounts/page.tsx(188,102): error TS2339: Property 'description' does not exist on type 'never'.
src/app/dashboard/accounts/page.tsx(190,34): error TS2339: Property 'created_at' does not exist on type 'never'.
src/app/dashboard/accounts/page.tsx(197,69): error TS2339: Property 'reference' does not exist on type 'never'.
src/app/dashboard/accounts/page.tsx(201,87): error TS2339: Property 'transaction_type' does not exist on type 'never'.
src/app/dashboard/accounts/page.tsx(202,25): error TS2339: Property 'transaction_type' does not exist on type 'never'.
src/app/dashboard/accounts/page.tsx(202,86): error TS2339: Property 'amount' does not exist on type 'never'.
src/app/dashboard/accounts/page.tsx(204,43): error TS2339: Property 'status' does not exist on type 'never'.
src/app/dashboard/cards/page.tsx(22,37): error TS2339: Property 'id' does not exist on type 'never'.
src/app/dashboard/investments/page.tsx(21,58): error TS2339: Property 'current_value' does not exist on type 'never'.
src/app/dashboard/investments/page.tsx(22,61): error TS2339: Property 'gain_loss' does not exist on type 'never'.
src/app/dashboard/investments/page.tsx(67,36): error TS2339: Property 'gain_loss' does not exist on type 'never'.
src/app/dashboard/investments/page.tsx(69,32): error TS2339: Property 'id' does not exist on type 'never'.
src/app/dashboard/investments/page.tsx(73,32): error TS2339: Property 'asset_symbol' does not exist on type 'never'.
src/app/dashboard/investments/page.tsx(76,76): error TS2339: Property 'asset_name' does not exist on type 'never'.
src/app/dashboard/investments/page.tsx(77,70): error TS2339: Property 'asset_symbol' does not exist on type 'never'.
src/app/dashboard/investments/page.tsx(77,109): error TS2339: Property 'asset_type' does not exist on type 'never'.
src/app/dashboard/investments/page.tsx(81,88): error TS2339: Property 'shares' does not exist on type 'never'.
src/app/dashboard/investments/page.tsx(82,93): error TS2339: Property 'current_price' does not exist on type 'never'.
src/app/dashboard/investments/page.tsx(83,107): error TS2339: Property 'current_value' does not exist on type 'never'.
src/app/dashboard/investments/page.tsx(87,64): error TS2339: Property 'gain_loss' does not exist on type 'never'.
src/app/dashboard/loans/page.tsx(20,58): error TS2339: Property 'balance' does not exist on type 'never'.
src/app/dashboard/loans/page.tsx(76,36): error TS2339: Property 'principal' does not exist on type 'never'.
src/app/dashboard/loans/page.tsx(76,53): error TS2339: Property 'balance' does not exist on type 'never'.
src/app/dashboard/loans/page.tsx(76,69): error TS2339: Property 'principal' does not exist on type 'never'.
src/app/dashboard/loans/page.tsx(77,63): error TS2339: Property 'next_payment_date' does not exist on type 'never'.
src/app/dashboard/loans/page.tsx(79,30): error TS2339: Property 'id' does not exist on type 'never'.
src/app/dashboard/loans/page.tsx(84,42): error TS2339: Property 'loan_type' does not exist on type 'never'.
src/app/dashboard/loans/page.tsx(87,95): error TS2339: Property 'loan_name' does not exist on type 'never'.
src/app/dashboard/loans/page.tsx(89,33): error TS2339: Property 'loan_type' does not exist on type 'never'.
src/app/dashboard/loans/page.tsx(89,60): error TS2339: Property 'interest_rate' does not exist on type 'never'.
src/app/dashboard/loans/page.tsx(100,97): error TS2339: Property 'balance' does not exist on type 'never'.
src/app/dashboard/loans/page.tsx(101,94): error TS2339: Property 'monthly_payment' does not exist on type 'never'.
src/app/dashboard/loans/page.tsx(102,99): error TS2339: Property 'principal' does not exist on type 'never'.
src/app/dashboard/loans/page.tsx(119,77): error TS2339: Property 'principal' does not exist on type 'never'.
src/app/dashboard/loans/page.tsx(119,94): error TS2339: Property 'balance' does not exist on type 'never'.
src/app/dashboard/loans/page.tsx(119,127): error TS2339: Property 'principal' does not exist on type 'never'.
src/app/dashboard/page.tsx(188,23): error TS2322: Type '{ hidden: { opacity: number; y: number; }; show: { opacity: number; y: number; transition: { duration: number; ease: string; }; }; }' is not assignable to type 'Variants'.
  Property 'show' is incompatible with index signature.
    Type '{ opacity: number; y: number; transition: { duration: number; ease: string; }; }' is not assignable to type 'Variant'.
      Type '{ opacity: number; y: number; transition: { duration: number; ease: string; }; }' is not assignable to type 'TargetAndTransition'.
        Type '{ opacity: number; y: number; transition: { duration: number; ease: string; }; }' is not assignable to type '{ transition?: Transition<any> | undefined; transitionEnd?: ResolvedValues$1 | undefined; }'.
          Types of property 'transition' are incompatible.
            Type '{ duration: number; ease: string; }' is not assignable to type 'Transition<any> | undefined'.
              Type '{ duration: number; ease: string; }' is not assignable to type 'TransitionWithValueOverrides<any>'.
                Type '{ duration: number; ease: string; }' is not assignable to type 'ValueAnimationTransition<any>'.
                  Types of property 'ease' are incompatible.
                    Type 'string' is not assignable to type 'Easing | Easing[] | undefined'.
src/app/dashboard/page.tsx(255,27): error TS2322: Type '{ hidden: { opacity: number; y: number; }; show: { opacity: number; y: number; transition: { duration: number; ease: string; }; }; }' is not assignable to type 'Variants'.
  Property 'show' is incompatible with index signature.
    Type '{ opacity: number; y: number; transition: { duration: number; ease: string; }; }' is not assignable to type 'Variant'.
      Type '{ opacity: number; y: number; transition: { duration: number; ease: string; }; }' is not assignable to type 'TargetAndTransition'.
        Type '{ opacity: number; y: number; transition: { duration: number; ease: string; }; }' is not assignable to type '{ transition?: Transition<any> | undefined; transitionEnd?: ResolvedValues$1 | undefined; }'.
          Types of property 'transition' are incompatible.
            Type '{ duration: number; ease: string; }' is not assignable to type 'Transition<any> | undefined'.
              Type '{ duration: number; ease: string; }' is not assignable to type 'TransitionWithValueOverrides<any>'.
                Type '{ duration: number; ease: string; }' is not assignable to type 'ValueAnimationTransition<any>'.
                  Types of property 'ease' are incompatible.
                    Type 'string' is not assignable to type 'Easing | Easing[] | undefined'.
src/app/dashboard/page.tsx(311,23): error TS2322: Type '{ hidden: { opacity: number; y: number; }; show: { opacity: number; y: number; transition: { duration: number; ease: string; }; }; }' is not assignable to type 'Variants'.
  Property 'show' is incompatible with index signature.
    Type '{ opacity: number; y: number; transition: { duration: number; ease: string; }; }' is not assignable to type 'Variant'.
      Type '{ opacity: number; y: number; transition: { duration: number; ease: string; }; }' is not assignable to type 'TargetAndTransition'.
        Type '{ opacity: number; y: number; transition: { duration: number; ease: string; }; }' is not assignable to type '{ transition?: Transition<any> | undefined; transitionEnd?: ResolvedValues$1 | undefined; }'.
          Types of property 'transition' are incompatible.
            Type '{ duration: number; ease: string; }' is not assignable to type 'Transition<any> | undefined'.
              Type '{ duration: number; ease: string; }' is not assignable to type 'TransitionWithValueOverrides<any>'.
                Type '{ duration: number; ease: string; }' is not assignable to type 'ValueAnimationTransition<any>'.
                  Types of property 'ease' are incompatible.
                    Type 'string' is not assignable to type 'Easing | Easing[] | undefined'.
src/app/dashboard/page.tsx(315,23): error TS2322: Type '{ hidden: { opacity: number; y: number; }; show: { opacity: number; y: number; transition: { duration: number; ease: string; }; }; }' is not assignable to type 'Variants'.
  Property 'show' is incompatible with index signature.
    Type '{ opacity: number; y: number; transition: { duration: number; ease: string; }; }' is not assignable to type 'Variant'.
      Type '{ opacity: number; y: number; transition: { duration: number; ease: string; }; }' is not assignable to type 'TargetAndTransition'.
        Type '{ opacity: number; y: number; transition: { duration: number; ease: string; }; }' is not assignable to type '{ transition?: Transition<any> | undefined; transitionEnd?: ResolvedValues$1 | undefined; }'.
          Types of property 'transition' are incompatible.
            Type '{ duration: number; ease: string; }' is not assignable to type 'Transition<any> | undefined'.
              Type '{ duration: number; ease: string; }' is not assignable to type 'TransitionWithValueOverrides<any>'.
                Type '{ duration: number; ease: string; }' is not assignable to type 'ValueAnimationTransition<any>'.
                  Types of property 'ease' are incompatible.
                    Type 'string' is not assignable to type 'Easing | Easing[] | undefined'.
src/app/dashboard/page.tsx(325,27): error TS2322: Type '{ hidden: { opacity: number; y: number; }; show: { opacity: number; y: number; transition: { duration: number; ease: string; }; }; }' is not assignable to type 'Variants'.
  Property 'show' is incompatible with index signature.
    Type '{ opacity: number; y: number; transition: { duration: number; ease: string; }; }' is not assignable to type 'Variant'.
      Type '{ opacity: number; y: number; transition: { duration: number; ease: string; }; }' is not assignable to type 'TargetAndTransition'.
        Type '{ opacity: number; y: number; transition: { duration: number; ease: string; }; }' is not assignable to type '{ transition?: Transition<any> | undefined; transitionEnd?: ResolvedValues$1 | undefined; }'.
          Types of property 'transition' are incompatible.
            Type '{ duration: number; ease: string; }' is not assignable to type 'Transition<any> | undefined'.
              Type '{ duration: number; ease: string; }' is not assignable to type 'TransitionWithValueOverrides<any>'.
                Type '{ duration: number; ease: string; }' is not assignable to type 'ValueAnimationTransition<any>'.
                  Types of property 'ease' are incompatible.
                    Type 'string' is not assignable to type 'Easing | Easing[] | undefined'.
src/app/dashboard/page.tsx(380,23): error TS2322: Type '{ hidden: { opacity: number; y: number; }; show: { opacity: number; y: number; transition: { duration: number; ease: string; }; }; }' is not assignable to type 'Variants'.
  Property 'show' is incompatible with index signature.
    Type '{ opacity: number; y: number; transition: { duration: number; ease: string; }; }' is not assignable to type 'Variant'.
      Type '{ opacity: number; y: number; transition: { duration: number; ease: string; }; }' is not assignable to type 'TargetAndTransition'.
        Type '{ opacity: number; y: number; transition: { duration: number; ease: string; }; }' is not assignable to type '{ transition?: Transition<any> | undefined; transitionEnd?: ResolvedValues$1 | undefined; }'.
          Types of property 'transition' are incompatible.
            Type '{ duration: number; ease: string; }' is not assignable to type 'Transition<any> | undefined'.
              Type '{ duration: number; ease: string; }' is not assignable to type 'TransitionWithValueOverrides<any>'.
                Type '{ duration: number; ease: string; }' is not assignable to type 'ValueAnimationTransition<any>'.
                  Types of property 'ease' are incompatible.
                    Type 'string' is not assignable to type 'Easing | Easing[] | undefined'.
src/app/dashboard/page.tsx(384,23): error TS2322: Type '{ hidden: { opacity: number; y: number; }; show: { opacity: number; y: number; transition: { duration: number; ease: string; }; }; }' is not assignable to type 'Variants'.
  Property 'show' is incompatible with index signature.
    Type '{ opacity: number; y: number; transition: { duration: number; ease: string; }; }' is not assignable to type 'Variant'.
      Type '{ opacity: number; y: number; transition: { duration: number; ease: string; }; }' is not assignable to type 'TargetAndTransition'.
        Type '{ opacity: number; y: number; transition: { duration: number; ease: string; }; }' is not assignable to type '{ transition?: Transition<any> | undefined; transitionEnd?: ResolvedValues$1 | undefined; }'.
          Types of property 'transition' are incompatible.
            Type '{ duration: number; ease: string; }' is not assignable to type 'Transition<any> | undefined'.
              Type '{ duration: number; ease: string; }' is not assignable to type 'TransitionWithValueOverrides<any>'.
                Type '{ duration: number; ease: string; }' is not assignable to type 'ValueAnimationTransition<any>'.
                  Types of property 'ease' are incompatible.
                    Type 'string' is not assignable to type 'Easing | Easing[] | undefined'.
src/app/dashboard/security/page.tsx(49,70): error TS2339: Property 'full_name' does not exist on type 'never'.
src/app/dashboard/security/page.tsx(51,75): error TS2339: Property 'phone' does not exist on type 'never'.
src/app/dashboard/security/page.tsx(63,84): error TS2339: Property 'kyc_status' does not exist on type 'never'.
src/app/dashboard/security/page.tsx(66,72): error TS2339: Property 'role' does not exist on type 'never'.
src/app/dashboard/transfers/transfers-client.tsx(100,11): error TS2353: Object literal may only specify known properties, and 'account_id' does not exist in type 'never[]'.
src/app/dashboard/transfers/transfers-client.tsx(114,11): error TS2353: Object literal may only specify known properties, and 'account_id' does not exist in type 'never[]'.
src/app/dashboard/transfers/transfers-client.tsx(129,19): error TS2345: Argument of type '{ balance: number; available_balance: number; }' is not assignable to parameter of type 'never'.
src/app/dashboard/transfers/transfers-client.tsx(137,19): error TS2345: Argument of type '{ balance: number; available_balance: number; }' is not assignable to parameter of type 'never'.
src/app/dashboard/transfers/transfers-client.tsx(171,11): error TS2353: Object literal may only specify known properties, and 'account_id' does not exist in type 'never[]'.
src/app/dashboard/transfers/transfers-client.tsx(187,19): error TS2345: Argument of type '{ available_balance: number; }' is not assignable to parameter of type 'never'.
src/components/dashboard/card-controls.tsx(51,41): error TS2345: Argument of type '{ status: string; }' is not assignable to parameter of type 'never'.
src/components/dashboard/card-controls.tsx(59,41): error TS2345: Argument of type '{ [x: string]: boolean; }' is not assignable to parameter of type 'never'.
src/components/dashboard/card-controls.tsx(103,92): error TS18047: 'card.daily_limit' is possibly 'null'.
src/components/dashboard/card-controls.tsx(107,81): error TS18047: 'card.daily_limit' is possibly 'null'.
src/components/dashboard/card-controls.tsx(192,98): error TS18047: 'card.daily_limit' is possibly 'null'.
src/components/dashboard/portfolio-trend.tsx(33,28): error TS2532: Object is possibly 'undefined'.
src/lib/supabase/server.ts(16,16): error TS7006: Parameter 'cookiesToSet' implicitly has an 'any' type.
src/lib/supabase/server.ts(18,37): error TS7031: Binding element 'name' implicitly has an 'any' type.
src/lib/supabase/server.ts(18,43): error TS7031: Binding element 'value' implicitly has an 'any' type.
src/lib/supabase/server.ts(18,50): error TS7031: Binding element 'options' implicitly has an 'any' type.
src/proxy.ts(16,16): error TS7006: Parameter 'cookiesToSet' implicitly has an 'any' type.
src/proxy.ts(17,35): error TS7031: Binding element 'name' implicitly has an 'any' type.
src/proxy.ts(17,41): error TS7031: Binding element 'value' implicitly has an 'any' type.
src/proxy.ts(21,35): error TS7031: Binding element 'name' implicitly has an 'any' type.
src/proxy.ts(21,41): error TS7031: Binding element 'value' implicitly has an 'any' type.
src/proxy.ts(21,48): error TS7031: Binding element 'options' implicitly has an 'any' type.
